// Jest Snapshot v1, https://goo.gl/fbAQLP

exports[`Test SignedInLinks renders correctly a component SignedInLinks with classes right hide-on-med-and-down 1`] = `
<ul
  className="right hide-on-med-and-down"
>
  <li>
    <NavLink
      activeClassName="active"
      aria-current="page"
      to="/projetos"
    >
      Projetos
    </NavLink>
  </li>
  <li>
    <NavLink
      activeClassName="active"
      aria-current="page"
      to="/login"
    >
      Sair
    </NavLink>
  </li>
</ul>
`;
